{"transaction_info":false,"transaction_num":[48,49,48,49,48,49,49,49],"transaction_uid":"100","transaction_date":19006,"transaction_dt":"2017-04-10T10:16:00","transaction_time":73620000000,"latitude":81.823765812,"unique_key":20092132134,"business_ratio":0.080480910,"updated_on":1489207801000000,"parent":["62e13a1c50f3ab2d7e299c56005e0695893c7dc9"],"inputs":{"input_script_bytes":[66,80,47,47,65,67,48,67,69,103,99,61],"input_script_string":"TestDATA","input_sequence_number":2245867294},"business_bigratio":72000000000000000000000000000000000000.00000000000000000000000000000000000000,"committer":{"name":"Nick","email":"97e0ca2bb46e13ca76eccbdabec7a29409c99475@mail.nih.gov","time_sec":1140338780,"tz_offset":1,"date":{"seconds":1140738770,"nanos":null}},"trailer":[{"key":"SVN-Revision","value":"1982","email":null}],"difference":[{"old_mode":85261,"new_mode":45561,"old_path":"update_fengoffice.sh","new_path":"update_fengoffice.sh","old_sha1":"f10eaa8e8a2b90d8e94bce7e13c585b5f8749f86","new_sha1":"ba3304fed713f82b08af699ada953b9c08b74e07","old_repo":null,"new_repo":null}],"Userdata":{"age":44,"company":"TestDATA"}}
